2025-07-24 12:19:15 INFO  TC_001_AccountRegistrationTest:17 - ****Starting TC_001_AccountRegistrationTest****
2025-07-24 12:19:15 INFO  TC_001_AccountRegistrationTest:22 - Clicked on MyAccount link
2025-07-24 12:19:15 INFO  TC_001_AccountRegistrationTest:24 - Clicked on Register link
2025-07-24 12:19:15 INFO  TC_001_AccountRegistrationTest:27 - Providing customer details...
2025-07-24 12:19:16 INFO  TC_001_AccountRegistrationTest:40 - Validating expected message
2025-07-24 12:19:16 INFO  TC_001_AccountRegistrationTest:51 - ****Finished TC_001_AccountRegistrationTest****
2025-07-24 12:19:18 INFO  TC_002_LoginTest:17 - **** Starting TC_002_LoginTest  ****
2025-07-24 12:19:18 INFO  TC_002_LoginTest:24 - clicked on myaccount link on the home page..
2025-07-24 12:19:18 INFO  TC_002_LoginTest:26 - clicked on login link under myaccount..
2025-07-24 12:19:18 INFO  TC_002_LoginTest:30 - Entering valid email and password..
2025-07-24 12:19:18 INFO  TC_002_LoginTest:34 - clicked on ligin button..
2025-07-24 12:19:19 INFO  TC_002_LoginTest:48 - **** Finished TC_002_LoginTest  ****
2025-07-24 12:38:55 INFO  TC_001_AccountRegistrationTest:17 - ****Starting TC_001_AccountRegistrationTest****
2025-07-24 12:38:55 INFO  TC_001_AccountRegistrationTest:22 - Clicked on MyAccount link
2025-07-24 12:38:55 INFO  TC_001_AccountRegistrationTest:24 - Clicked on Register link
2025-07-24 12:38:55 INFO  TC_001_AccountRegistrationTest:27 - Providing customer details...
2025-07-24 12:38:55 INFO  TC_001_AccountRegistrationTest:40 - Validating expected message
2025-07-24 12:38:56 INFO  TC_001_AccountRegistrationTest:51 - ****Finished TC_001_AccountRegistrationTest****
2025-07-24 12:38:58 INFO  TC_002_LoginTest:17 - **** Starting TC_002_LoginTest  ****
2025-07-24 12:38:58 INFO  TC_002_LoginTest:24 - clicked on myaccount link on the home page..
2025-07-24 12:38:58 INFO  TC_002_LoginTest:26 - clicked on login link under myaccount..
2025-07-24 12:38:58 INFO  TC_002_LoginTest:30 - Entering valid email and password..
2025-07-24 12:38:58 INFO  TC_002_LoginTest:34 - clicked on ligin button..
2025-07-24 12:38:59 INFO  TC_002_LoginTest:48 - **** Finished TC_002_LoginTest  ****
2025-07-24 12:50:53 INFO  TC_001_AccountRegistrationTest:17 - ****Starting TC_001_AccountRegistrationTest****
2025-07-24 12:50:54 INFO  TC_001_AccountRegistrationTest:22 - Clicked on MyAccount link
2025-07-24 12:50:54 INFO  TC_001_AccountRegistrationTest:24 - Clicked on Register link
2025-07-24 12:50:54 INFO  TC_001_AccountRegistrationTest:27 - Providing customer details...
2025-07-24 12:50:55 INFO  TC_001_AccountRegistrationTest:40 - Validating expected message
2025-07-24 12:50:55 INFO  TC_001_AccountRegistrationTest:51 - ****Finished TC_001_AccountRegistrationTest****
2025-07-24 12:50:57 INFO  TC_002_LoginTest:17 - **** Starting TC_002_LoginTest  ****
2025-07-24 12:50:57 INFO  TC_002_LoginTest:24 - clicked on myaccount link on the home page..
2025-07-24 12:50:57 INFO  TC_002_LoginTest:26 - clicked on login link under myaccount..
2025-07-24 12:50:57 INFO  TC_002_LoginTest:30 - Entering valid email and password..
2025-07-24 12:50:58 INFO  TC_002_LoginTest:34 - clicked on ligin button..
2025-07-24 12:50:58 INFO  TC_002_LoginTest:48 - **** Finished TC_002_LoginTest  ****
